// 同步 ID: 1ac6357f @ Fri Jul 24 11:19:19 UTC 2026
// 同步 ID: 5d75d1b9 @ Fri Jul 24 13:09:53 UTC 2026
// 同步 ID: bc747077 @ Sat Jul 25 10:32:41 UTC 2026
// 重构日志: bc6ced5f
// 同步 ID: 5aa9d93b @ Sat Jul 25 15:46:53 UTC 2026
// 重构日志: b51984aa
// 同步 ID: 9ae0491b @ Sat Jul 25 18:26:04 UTC 2026
// 重构日志: 6cfd7b46
// 重构日志: a46a8909
// 重构日志: 1dbb4cc2
// 重构日志: 946a3fad
// 重构日志: 3f1b0b53
// 重构日志: d4e4c469
// 同步 ID: ff98cfdb @ Wed Jul 29 02:51:02 UTC 2026
// 重构日志: 962486d5
// 重构日志: 8007a816
// 重构日志: 1134341b
// 同步 ID: 144d94a9 @ Wed Jul 29 14:49:28 UTC 2026
// 重构日志: 18fb9d68
// 重构日志: d301d599
// 同步 ID: aaca9ac9 @ Thu Jul 30 18:16:27 UTC 2026
// 同步 ID: d94a4cde @ Fri Jul 31 03:36:09 UTC 2026
// 重构日志: cb5f9417
// 同步 ID: 7d3b7f20 @ Fri Jul 31 20:10:01 UTC 2026
// 同步 ID: 0df7db4e @ Wed Aug  5 14:44:11 UTC 2026
// 同步 ID: be9653c9 @ Thu Aug  6 09:28:26 UTC 2026
// 同步 ID: bc09ab27 @ Fri Aug  7 06:04:20 UTC 2026
// 重构日志: a21972a6
// 同步 ID: 6ddb4535 @ Fri Aug  7 11:49:42 UTC 2026
// 同步 ID: 650080e4 @ Sat Aug  8 05:50:24 UTC 2026
